{
  "metadata": {
    "project": "guazi_app_data_system",
    "mode": "device_real_mainline_s01_to_s10",
    "field_scope": "contract_only"
  },
  "status": "S10_READY",
  "target_task": {
    "actual_target_task_path": "C:\\Users\\lzc93\\Desktop\\定价\\guazi_app_data_system\\data\\current_target_task.json",
    "brand": "福特",
    "series": "福克斯",
    "year_model": "2017款",
    "config_model": "两厢 1.6L 自动舒适型智行版",
    "color": "白",
    "register_date": "2017.07",
    "register_year": 2017,
    "current_year": 2026,
    "target_age_formula": "current_year - register_year",
    "calculated_target_age": 9
  },
  "flow_state": {
    "S07_FILTER_DONE": true,
    "COLOR_FILTER_DONE": true,
    "AGE_FILTER_DONE": true,
    "SORT_DONE": true,
    "S10_READY": true
  },
  "startup": {
    "startup_mode": "force_restart",
    "app_entry_mode": "force_restart",
    "current_page_first_enabled": false,
    "app_force_restart_called": true,
    "force_stop_package": "com.ganji.android.haoche_c",
    "force_stop_done": true,
    "home_to_launcher_done": true,
    "tap_guazi_app_icon_done": true,
    "app_restart_wait_ms": 1000,
    "initial_capture_before_recovery": false,
    "initial_home_to_launcher_before_capture": true,
    "initial_tap_app_icon_before_capture": true,
    "initial_fresh_state": null,
    "initial_screenshot_path": null,
    "initial_xml_path": null,
    "recovery_called": true,
    "recovery_call_reason": "startup",
    "app_force_restart_reason": "startup",
    "after_force_restart_state": "S01",
    "after_force_restart_screenshot_path": "artifacts/screenshots/s01_s10_after_force_restart_20260507_175353.png",
    "after_force_restart_xml_path": "artifacts/debug/s01_s10_after_force_restart_20260507_175353.xml",
    "after_force_restart_visible_text_digest": [
      "唐山",
      "福特福克斯",
      "搜索",
      "5",
      "二手车",
      "卖车",
      "9成通过",
      "分期购车",
      "新能源",
      "源头低价",
      "起亚",
      "奔驰",
      "哈弗",
      "魏牌",
      "埃安",
      "新能源狂欢",
      "大力牛魔王D02",
      "1.75万",
      "已补3.00万",
      "奔驰CLA",
      "7.81万",
      "一眼看真车",
      "蔚来ES8",
      "9.90万",
      "讲解中",
      "捷途X70 PLUS",
      "精选车源",
      "官方自营",
      "新人练手",
      "0过户"
    ],
    "after_recovery_state": "S01",
    "after_recovery_screenshot_path": "artifacts/screenshots/s01_s10_after_force_restart_20260507_175353.png",
    "after_recovery_xml_path": "artifacts/debug/s01_s10_after_force_restart_20260507_175353.xml",
    "wake_screen_done": true,
    "screen_interactive": null,
    "keyguard_showing": true,
    "secure_keyguard": false,
    "focused_window_before": "NotificationShade",
    "foreground_package_before": "",
    "notification_shade_visible": true,
    "non_secure_swipe_done": true,
    "non_secure_swipe": {
      "swipe_success": true,
      "swipe_stderr": "",
      "start_x": 610,
      "start_y": 2223,
      "end_x": 610,
      "end_y": 813,
      "duration_ms": 700
    },
    "keyguard_dismissed": true,
    "keyguard_showing_after_swipe": false,
    "focused_window_after_swipe": "com.ganji.android.haoche_c/com.cars.beetle.mp.brl.rn.biz.ReactNativeFragmentActivity",
    "foreground_package_after_swipe": "com.ganji.android.haoche_c",
    "notification_shade_collapsed": true,
    "focused_window_after": "com.ganji.android.haoche_c/com.cars.beetle.mp.brl.rn.biz.ReactNativeFragmentActivity",
    "foreground_package_after": "com.ganji.android.haoche_c",
    "launcher_account_dialog_detected": false,
    "launcher_account_dialog_text_digest": null,
    "later_button_found": null,
    "later_button_clicked": false,
    "later_click_once_only": true,
    "focused_window_before_later": null,
    "focused_window_after_later": null,
    "launcher_visible_after_later": null,
    "guazi_icon_visible_before_later": null,
    "guazi_icon_visible_after_later": null,
    "screenshot_before_later": null,
    "xml_before_later": null,
    "screenshot_after_later": null,
    "xml_after_later": null,
    "launcher_visible": true,
    "guazi_icon_visible": true,
    "guazi_icon_visible_final": true,
    "final_screenshot_path": "artifacts/screenshots/device_ready_launcher_before_icon_20260507_175349.png",
    "final_xml_path": "artifacts/debug/device_ready_launcher_before_icon_20260507_175349.xml"
  },
  "task_params": {
    "target_task_path": "C:\\Users\\lzc93\\Desktop\\定价\\guazi_app_data_system\\data\\current_target_task.json",
    "brand": "福特",
    "series": "福克斯",
    "model_year": "2017款",
    "trim": "两厢 1.6L 自动舒适型智行版",
    "color": "白",
    "registration_date": "2017.07",
    "vehicle_year": 2017,
    "register_year": 2017,
    "current_year": 2026,
    "target_age_formula": "current_year - register_year",
    "target_age_years": 9,
    "brand_initial": "F"
  },
  "same_source_cards": [
    {
      "title": "福特 福克斯 2017款 两厢 1.6L 自动舒适型智行版",
      "year_mileage_text": "2017年 | 7.81万公里 | 唐山",
      "list_price_10k": 2.52,
      "list_year": 2017,
      "list_mileage_10k_km": 7.81
    },
    {
      "title": "福特 福克斯 2017款 两厢 1.6L 自动舒适型智行版",
      "year_mileage_text": "2017年 | 12.01万公里 | 唐山",
      "list_price_10k": 2.55,
      "list_year": 2017,
      "list_mileage_10k_km": 12.01
    },
    {
      "title": "福特 福克斯 2017款 两厢 1.6L 自动舒适型智行版",
      "year_mileage_text": "2017年 | 11.53万公里 | 唐山",
      "list_price_10k": 2.68,
      "list_year": 2017,
      "list_mileage_10k_km": 11.53
    },
    {
      "title": "福特 福克斯 2017款 两厢 1.6L 自动舒适型智行版",
      "year_mileage_text": "2017年 | 10.75万公里 | 唐山",
      "list_price_10k": 2.75,
      "list_year": 2017,
      "list_mileage_10k_km": 10.75
    },
    {
      "title": "福特 福克斯 2017款 两厢 1.6L 自动舒适型智行版",
      "year_mileage_text": "2017年 | 12.94万公里 | 合肥",
      "list_price_10k": 2.89,
      "list_year": 2017,
      "list_mileage_10k_km": 12.94
    },
    {
      "title": "福特 福克斯 2017款 两厢 1.6L 自动舒适型智行版",
      "year_mileage_text": "2017年 | 5.72万公里 | 唐山",
      "list_price_10k": 2.92,
      "list_year": 2017,
      "list_mileage_10k_km": 5.72
    },
    {
      "title": "福特 福克斯 2017款 两厢 1.6L 自动舒适型智行版",
      "year_mileage_text": "2017年 | 9.46万公里 | 唐山",
      "list_price_10k": 2.94,
      "list_year": 2017,
      "list_mileage_10k_km": 9.46
    },
    {
      "title": "福特 福克斯 2017款 两厢 1.6L 自动舒适型智行版",
      "year_mileage_text": "2017年 | 15.19万公里 | 唐山",
      "list_price_10k": 2.95,
      "list_year": 2017,
      "list_mileage_10k_km": 15.19
    },
    {
      "title": "福特 福克斯 2017款 两厢 1.6L 自动舒适型智行版",
      "year_mileage_text": "2017年 | 11.58万公里 | 唐山",
      "list_price_10k": 2.96,
      "list_year": 2017,
      "list_mileage_10k_km": 11.58
    },
    {
      "title": "福特 福克斯 2017款 两厢 1.6L 自动舒适型智行版",
      "year_mileage_text": "2017年 | 10.79万公里 | 合肥",
      "list_price_10k": 3.0,
      "list_year": 2017,
      "list_mileage_10k_km": 10.79
    }
  ]
}
