{
  "metadata": {
    "project": "guazi_app_data_system",
    "mode": "device_real_mainline",
    "field_scope": "contract_only"
  },
  "status": "SECOND_STAGE_BLOCKED_NOT_AT_S10_READY",
  "issue_code": "PAGE_CONTRACT_EXECUTOR_MISSING_FOR_FULL_MAINLINE",
  "recognized_state": "RUNTIME",
  "first_stage_evidence": {
    "path": "C:\\Users\\lzc93\\Desktop\\定价\\guazi_app_data_system\\output\\result_s01_to_s10.json",
    "ready": true,
    "source": "segment1_result",
    "status": "S10_READY",
    "final_status": "S10_READY",
    "target_fingerprint": "福特|福克斯|2017款|两厢 1.6L 自动舒适型智行版|白|2017.07",
    "flow_state": {
      "S07_FILTER_DONE": true,
      "COLOR_FILTER_DONE": true,
      "AGE_FILTER_DONE": true,
      "SORT_DONE": true,
      "S10_READY": true
    }
  },
  "screenshot_path": "C:\\Users\\lzc93\\Desktop\\定价\\guazi_app_data_system\\artifacts\\screenshots\\s10_s16_start_20260507_170309.png",
  "xml_path": "C:\\Users\\lzc93\\Desktop\\定价\\guazi_app_data_system\\artifacts\\debug\\s10_s16_start_20260507_170309.xml",
  "visible_text_digest": [],
  "phone_test": {}
}
