{
  "metadata": {
    "project": "guazi_app_data_system",
    "mode": "device_real_mainline_s01_to_s10",
    "field_scope": "contract_only"
  },
  "status": "S10_READY",
  "target_task": {
    "actual_target_task_path": "C:\\Users\\lzc93\\Desktop\\定价\\guazi_app_data_system\\data\\current_target_task.json",
    "brand": "MINI",
    "series": "MINI",
    "year_model": "2023款",
    "config_model": "1.5T ONE",
    "color": "白",
    "register_date": "2024.05",
    "register_year": 2024,
    "current_year": 2026,
    "target_age_formula": "current_year - register_year",
    "calculated_target_age": 2
  },
  "flow_state": {
    "S07_FILTER_DONE": true,
    "COLOR_FILTER_DONE": true,
    "AGE_FILTER_DONE": true,
    "SORT_DONE": true,
    "S10_READY": true
  },
  "startup": {
    "startup_mode": "force_restart",
    "app_entry_mode": "force_restart",
    "current_page_first_enabled": false,
    "app_force_restart_called": true,
    "force_stop_package": "com.ganji.android.haoche_c",
    "force_stop_done": true,
    "home_to_launcher_done": true,
    "tap_guazi_app_icon_done": true,
    "app_restart_wait_ms": 1000,
    "initial_capture_before_recovery": false,
    "initial_home_to_launcher_before_capture": true,
    "initial_tap_app_icon_before_capture": true,
    "initial_fresh_state": null,
    "initial_screenshot_path": null,
    "initial_xml_path": null,
    "recovery_called": true,
    "recovery_call_reason": "startup",
    "app_force_restart_reason": "startup",
    "after_force_restart_state": "S01",
    "after_force_restart_screenshot_path": "artifacts/screenshots/s01_s10_after_force_restart_20260506_145450.png",
    "after_force_restart_xml_path": "artifacts/debug/s01_s10_after_force_restart_20260506_145450.xml",
    "after_force_restart_visible_text_digest": [
      "唐山",
      "大众帕萨特",
      "搜索",
      "二手车",
      "卖车",
      "分期购车",
      "新能源",
      "源头低价",
      "魏牌",
      "埃安",
      "MINI",
      "起亚",
      "大众",
      "新能源狂欢",
      "大力牛魔王D02",
      "1.75万",
      "已补3.00万",
      "奔驰CLA",
      "7.81万",
      "一眼看真车",
      "揽胜行政（平行进口）",
      "82.68万",
      "讲解中",
      "Model Y",
      "精选车源",
      "官方自营",
      "新人练手",
      "0过户",
      "大空间",
      "MINI 2019款 1.5T ONE PLUS"
    ],
    "after_recovery_state": "S01",
    "after_recovery_screenshot_path": "artifacts/screenshots/s01_s10_after_force_restart_20260506_145450.png",
    "after_recovery_xml_path": "artifacts/debug/s01_s10_after_force_restart_20260506_145450.xml",
    "wake_screen_done": true,
    "screen_interactive": null,
    "keyguard_showing": true,
    "secure_keyguard": false,
    "focused_window_before": "NotificationShade",
    "foreground_package_before": "",
    "notification_shade_visible": true,
    "non_secure_swipe_done": true,
    "non_secure_swipe": {
      "swipe_success": true,
      "swipe_stderr": "",
      "start_x": 610,
      "start_y": 2223,
      "end_x": 610,
      "end_y": 813,
      "duration_ms": 700
    },
    "keyguard_dismissed": true,
    "keyguard_showing_after_swipe": false,
    "focused_window_after_swipe": "com.ganji.android.haoche_c/com.guazi.h5.Html5NewContainerActivity",
    "foreground_package_after_swipe": "com.ganji.android.haoche_c",
    "notification_shade_collapsed": true,
    "focused_window_after": "com.ganji.android.haoche_c/com.guazi.h5.Html5NewContainerActivity",
    "foreground_package_after": "com.ganji.android.haoche_c",
    "launcher_account_dialog_detected": true,
    "launcher_account_dialog_text_digest": [
      "检测到您的账号已退出登录",
      "请重新登录账号",
      "稍后",
      "去登录"
    ],
    "later_button_found": true,
    "later_button_clicked": true,
    "later_click_once_only": true,
    "focused_window_before_later": "com.shuqing.launcher/com.shuqing.launcher.Launcher",
    "focused_window_after_later": "com.shuqing.launcher/com.shuqing.launcher.Launcher",
    "launcher_visible_after_later": true,
    "guazi_icon_visible_before_later": false,
    "guazi_icon_visible_after_later": true,
    "screenshot_before_later": "artifacts/screenshots/device_ready_launcher_before_icon_20260506_145442.png",
    "xml_before_later": "artifacts/debug/device_ready_launcher_before_icon_20260506_145442.xml",
    "screenshot_after_later": "artifacts/screenshots/device_ready_after_launcher_later_20260506_145446.png",
    "xml_after_later": "artifacts/debug/device_ready_after_launcher_later_20260506_145446.xml",
    "learning_loop_candidate_launcher_account_dialog": {
      "problem_type": "LAUNCHER_ACCOUNT_DIALOG_BLOCKS_APP_ICON",
      "trigger_scene": "APP_FORCE_RESTART before Guazi app entry; launcher is ready but account dialog blocks the exact Guazi app icon.",
      "recognition_evidence": {
        "required_texts": [
          "检测到您的账号已退出登录",
          "请重新登录账号",
          "稍后",
          "去登录"
        ],
        "screenshot_path": "artifacts/screenshots/device_ready_launcher_before_icon_20260506_145442.png",
        "xml_path": "artifacts/debug/device_ready_launcher_before_icon_20260506_145442.xml",
        "focused_window": "com.shuqing.launcher/com.shuqing.launcher.Launcher",
        "foreground_package": "com.shuqing.launcher"
      },
      "candidate_solution": "Only in launcher ready gate, tap 稍后 once, then recapture screenshot/XML/focused_window and search exact 瓜子二手车 icon again.",
      "limits": [
        "do not tap 去登录",
        "do not enter account, phone, or verification code",
        "do not use inside Guazi business pages",
        "do not tap 稍后 repeatedly",
        "do not treat this as a page-contract state"
      ]
    },
    "launcher_account_later_clicked_once": true,
    "foreground_package_after_later": "com.shuqing.launcher",
    "launcher_visible": true,
    "guazi_icon_visible": true,
    "guazi_icon_visible_final": true,
    "final_screenshot_path": "artifacts/screenshots/device_ready_after_launcher_later_20260506_145446.png",
    "final_xml_path": "artifacts/debug/device_ready_after_launcher_later_20260506_145446.xml"
  },
  "task_params": {
    "target_task_path": "C:\\Users\\lzc93\\Desktop\\定价\\guazi_app_data_system\\data\\current_target_task.json",
    "brand": "MINI",
    "series": "MINI",
    "model_year": "2023款",
    "trim": "1.5T ONE",
    "color": "白",
    "registration_date": "2024.05",
    "vehicle_year": 2023,
    "register_year": 2024,
    "current_year": 2026,
    "target_age_formula": "current_year - register_year",
    "target_age_years": 2,
    "brand_initial": "M"
  },
  "same_source_cards": [
    {
      "title": "2024年 | 2万公里 | 成都",
      "list_price_10k": 1.06,
      "list_year": 2024,
      "list_mileage_10k_km": 2.0
    },
    {
      "title": "2024年 | 3.24万公里 | 武汉",
      "list_price_10k": 1.96,
      "list_year": 2024,
      "list_mileage_10k_km": 3.24
    },
    {
      "title": "2020年 | 7.52万公里 | 武汉",
      "list_price_10k": 1.88,
      "list_year": 2020,
      "list_mileage_10k_km": 7.52
    },
    {
      "title": "2019年 | 10.09万公里 | 西安",
      "list_price_10k": 1.11,
      "list_year": 2019,
      "list_mileage_10k_km": 10.09
    },
    {
      "title": "2018年 | 8.64万公里 | 呼和浩特",
      "list_price_10k": 3.0,
      "list_year": 2018,
      "list_mileage_10k_km": 8.64
    },
    {
      "title": "2016年 | 9.75万公里 | 唐山",
      "list_price_10k": 1.14,
      "list_year": 2016,
      "list_mileage_10k_km": 9.75
    }
  ]
}
